// Jest Snapshot v1, https://goo.gl/fbAQLP

exports[`Test <GifApp /> should render <GifApp /> correctly 1`] = `
Array [
  <h2>
    GifApp
  </h2>,
  <form
    data-testid="AddCategoryForm"
    onSubmit={[Function]}
  >
    <input
      data-testid="AddCategoryInput"
      onChange={[Function]}
      type="text"
      value=""
    />
  </form>,
  <hr />,
  <ol>
    <div
      data-testid="GifGrid"
    >
      <h3
        className="animate__animated animate__fadeIn"
        data-testid="GifGridTitle"
      >
        One Punch
      </h3>
      <p
        className="animate__animated animate__flash"
        data-testid="GifGridLoading"
      >
        Loading...
      </p>
      <div
        className="card-grid"
      />
    </div>
  </ol>,
]
`;
