// Jest Snapshot v1, https://goo.gl/fbAQLP

exports[`Test <AddCategory /> should render <AddCategory /> correctly 1`] = `
<form
  onSubmit={[Function]}
>
  <input
    onChange={[Function]}
    type="text"
    value=""
  />
</form>
`;
